[08:36:36] [main/INFO] (FabricLoader/GameProvider) Loading Minecraft 1.21.11 with Fabric Loader 0.19.3
[08:36:36] [main/INFO] (FabricLoader) Loading 54 mods:
	- betterpvputils 1.0
	- fabric-api 0.141.4+1.21.11
	- fabric-api-base 1.0.5+4ebb5c083e
	- fabric-api-lookup-api-v1 1.6.114+20dc27073e
	- fabric-biome-api-v1 17.1.1+4fc5413f3e
	- fabric-block-api-v1 1.1.10+4ebb5c083e
	- fabric-block-view-api-v2 1.0.39+4ebb5c083e
	- fabric-client-gametest-api-v1 4.3.5+bfe9fcf43e
	- fabric-command-api-v2 2.4.7+6b42a6003e
	- fabric-content-registries-v0 10.2.14+4fc5413f3e
	- fabric-convention-tags-v1 2.1.55+7f945d5b3e
	- fabric-convention-tags-v2 2.17.3+8ef948ba3e
	- fabric-crash-report-info-v1 0.3.23+4ebb5c083e
	- fabric-data-attachment-api-v1 1.8.48+eed0806f3e
	- fabric-data-generation-api-v1 23.4.1+69974c4e3e
	- fabric-dimensions-v1 4.0.28+4fc5413f3e
	- fabric-entity-events-v1 3.1.1+1d0ab4303e
	- fabric-events-interaction-v0 4.1.1+3b89ecf63e
	- fabric-game-rule-api-v1 2.0.3+4fc5413f3e
	- fabric-gametest-api-v1 3.1.27+4fc5413f3e
	- fabric-item-api-v1 11.5.20+d0c46b9e3e
	- fabric-item-group-api-v1 4.2.36+4fc5413f3e
	- fabric-key-binding-api-v1 1.1.7+4fc5413f3e
	- fabric-language-kotlin 1.12.3+kotlin.2.0.21
	- fabric-lifecycle-events-v1 2.6.15+4ebb5c083e
	- fabric-loot-api-v2 3.0.73+3f89f5a53e
	- fabric-loot-api-v3 2.0.20+78c8b4663e
	- fabric-message-api-v1 6.1.12+4ebb5c083e
	- fabric-model-loading-api-v1 6.0.15+4fc5413f3e
	- fabric-networking-api-v1 5.1.6+6b6d71a53e
	- fabric-object-builder-api-v1 21.1.40+4fc5413f3e
	- fabric-particles-v1 4.2.12+4fc5413f3e
	- fabric-recipe-api-v1 8.2.4+4ebb5c083e
	- fabric-registry-sync-v0 6.2.6+1718722b3e
	- fabric-renderer-api-v1 8.0.3+f4ffd2e53e
	- fabric-renderer-indigo 5.0.3+f4ffd2e53e
	- fabric-rendering-fluids-v1 3.1.43+4ebb5c083e
	- fabric-rendering-v1 16.2.10+0290ad933e
	- fabric-resource-conditions-api-v1 5.0.35+4fc5413f3e
	- fabric-resource-loader-v0 3.3.4+4fc5413f3e
	- fabric-resource-loader-v1 1.0.10+78c8b4663e
	- fabric-screen-api-v1 3.1.7+4ebb5c083e
	- fabric-screen-handler-api-v1 1.3.162+4fc5413f3e
	- fabric-serialization-api-v1 1.0.5+4ebb5c083e
	- fabric-sound-api-v1 1.0.51+4fc5413f3e
	- fabric-tag-api-v1 1.2.20+4fc5413f3e
	- fabric-transfer-api-v1 6.0.25+4fc5413f3e
	- fabric-transitive-access-wideners-v1 7.1.0+014c8cec3e
	- fabricloader 0.19.3
	- java 21
	- minecraft 1.21.11
	- mixinextras 0.5.4
	- modmenu 17.0.0
	- yet_another_config_lib_v3 3.8.2+1.21.11-fabric
[08:36:37] [main/INFO] (FabricLoader/Mixin) SpongePowered MIXIN Subsystem Version=0.8.7 Source=file:/home/notnawfas/.gradle/caches/modules-2/files-2.1/net.fabricmc/sponge-mixin/0.17.3+mixin.0.8.7/41c4a3984a80f4679e759fb9f495587acc5cdac7/sponge-mixin-0.17.3+mixin.0.8.7.jar Service=Knot/Fabric Env=CLIENT
[08:36:37] [main/INFO] (FabricLoader/Mixin) Loaded Fabric development mappings for mixin remapper!
[08:36:37] [main/INFO] (FabricLoader/Mixin) Compatibility level set to JAVA_21
[08:36:37] [main/WARN] (FabricLoader/Mixin) Reference map 'yet_another_config_lib_v3.refmap.json' for yacl.mixins.json could not be read. If this is a development environment you can ignore this message
[08:36:37] [main/WARN] (FabricLoader/Mixin) Reference map 'yet_another_config_lib_v3.refmap.json' for yacl-fabric.mixins.json could not be read. If this is a development environment you can ignore this message
[08:36:40] [main/INFO] (FabricLoader/MixinExtras|Service) Initializing MixinExtras via com.llamalad7.mixinextras.service.MixinExtrasServiceImpl(version=0.5.4).
[08:36:45] [Datafixer Bootstrap/INFO] (Minecraft) 287 Datafixer optimizations took 2009 milliseconds
[08:36:59] [Render thread/INFO] (Minecraft) Environment: Environment[sessionHost=https://sessionserver.mojang.com, servicesHost=https://api.minecraftservices.com, profilesHost=https://api.mojang.com, name=PROD]
[08:36:59] [Render thread/INFO] (Minecraft) Setting user: Player675
[08:37:00] [Render thread/INFO] (betterpvputils) Better PvP Utils initialized
[08:37:01] [Render thread/INFO] (Mod Menu/Update Checker) Checking mod updates...
[08:37:01] [Render thread/INFO] (YetAnotherConfigLib) Deserializing YACLConfig from '/home/notnawfas/Documents/workings/BetterPvPUtils-McMod/run/config/yacl.json5'
[08:37:01] [Render thread/INFO] (betterpvputils) Better PvP Utils client initialized
[08:37:01] [Download-2/ERROR] (Minecraft) Failed to fetch user properties
com.mojang.authlib.exceptions.InvalidCredentialsException: Status: 401
	at knot//com.mojang.authlib.exceptions.MinecraftClientHttpException.toAuthenticationException(MinecraftClientHttpException.java:59)
	at knot//com.mojang.authlib.yggdrasil.YggdrasilUserApiService.fetchProperties(YggdrasilUserApiService.java:150)
	at knot//net.minecraft.client.MinecraftClient.method_55608(MinecraftClient.java:457)
	at java.base/java.util.concurrent.CompletableFuture$AsyncSupply.run(CompletableFuture.java:1768)
	at java.base/java.util.concurrent.ThreadPoolExecutor.runWorker(ThreadPoolExecutor.java:1144)
	at java.base/java.util.concurrent.ThreadPoolExecutor$Worker.run(ThreadPoolExecutor.java:642)
	at java.base/java.lang.Thread.run(Thread.java:1583)
Caused by: com.mojang.authlib.exceptions.MinecraftClientHttpException: Status: 401
	at knot//com.mojang.authlib.minecraft.client.MinecraftClient.readInputStream(MinecraftClient.java:103)
	at knot//com.mojang.authlib.minecraft.client.MinecraftClient.get(MinecraftClient.java:56)
	at knot//com.mojang.authlib.yggdrasil.YggdrasilUserApiService.fetchProperties(YggdrasilUserApiService.java:121)
	... 5 more
[08:37:01] [Render thread/INFO] (Indigo) [Indigo] Registering Indigo renderer!
[08:37:02] [Render thread/ERROR] (Minecraft) Couldn't load betterpvputils pack metadata: Pack declares support for version newer than 64, but is missing mandatory fields min_format and max_format
[08:37:02] [Render thread/INFO] (Minecraft) Backend library: LWJGL version 3.3.3-snapshot
[08:37:02] [Render thread/WARN] (Minecraft) Detected unexpected shutdown during last game startup: resetting fullscreen mode
[08:37:03] [Render thread/INFO] (Minecraft) Using optional rendering extensions: GL_ARB_buffer_storage, GL_KHR_debug, GL_ARB_vertex_attrib_binding, GL_ARB_direct_state_access, GL_EXT_texture_filter_anisotropic
[08:37:03] [Render thread/ERROR] (Minecraft) Couldn't load betterpvputils pack metadata: Pack declares support for version newer than 64, but is missing mandatory fields min_format and max_format
[08:37:04] [Render thread/INFO] (Minecraft) Reloading ResourceManager: vanilla, betterpvputils, fabric-api, fabric-api-base, fabric-api-lookup-api-v1, fabric-biome-api-v1, fabric-block-api-v1, fabric-block-view-api-v2, fabric-client-gametest-api-v1, fabric-command-api-v2, fabric-content-registries-v0, fabric-convention-tags-v1, fabric-convention-tags-v2, fabric-crash-report-info-v1, fabric-data-attachment-api-v1, fabric-data-generation-api-v1, fabric-dimensions-v1, fabric-entity-events-v1, fabric-events-interaction-v0, fabric-game-rule-api-v1, fabric-gametest-api-v1, fabric-item-api-v1, fabric-item-group-api-v1, fabric-key-binding-api-v1, fabric-language-kotlin, fabric-lifecycle-events-v1, fabric-loot-api-v2, fabric-loot-api-v3, fabric-message-api-v1, fabric-model-loading-api-v1, fabric-networking-api-v1, fabric-object-builder-api-v1, fabric-particles-v1, fabric-recipe-api-v1, fabric-registry-sync-v0, fabric-renderer-api-v1, fabric-renderer-indigo, fabric-rendering-fluids-v1, fabric-rendering-v1, fabric-resource-conditions-api-v1, fabric-resource-loader-v0, fabric-resource-loader-v1, fabric-screen-api-v1, fabric-screen-handler-api-v1, fabric-serialization-api-v1, fabric-sound-api-v1, fabric-tag-api-v1, fabric-transfer-api-v1, fabric-transitive-access-wideners-v1, fabricloader, modmenu, yet_another_config_lib_v3
[08:37:06] [Download-1/INFO] (Minecraft) Could not authorize you against Realms server: java.lang.RuntimeException: Failed to parse into SignedJWT: FabricMC
[08:37:06] [Download-1/ERROR] (Minecraft) Failed to fetch Realms feature flags
net.minecraft.client.realms.exception.RealmsServiceException: Realms authentication error with message 'java.lang.RuntimeException: Failed to parse into SignedJWT: FabricMC'
	at knot//net.minecraft.client.realms.RealmsClient.execute(RealmsClient.java:526)
	at knot//net.minecraft.client.realms.RealmsClient.fetchFeatureFlags(RealmsClient.java:186)
	at java.base/java.util.concurrent.CompletableFuture$AsyncSupply.run(CompletableFuture.java:1768)
	at java.base/java.util.concurrent.ThreadPoolExecutor.runWorker(ThreadPoolExecutor.java:1144)
	at java.base/java.util.concurrent.ThreadPoolExecutor$Worker.run(ThreadPoolExecutor.java:642)
	at java.base/java.lang.Thread.run(Thread.java:1583)
[08:37:06] [Worker-Main-3/INFO] (Minecraft) Found unifont_all_no_pua-17.0.01.hex, loading
[08:37:06] [Worker-Main-2/INFO] (Minecraft) Found unifont_pua-17.0.01.hex, loading
[08:37:07] [Worker-Main-3/INFO] (Minecraft) Found unifont_jp_patch-17.0.01.hex, loading
[08:37:11] [Render thread/INFO] (Minecraft) OpenAL initialized on device Built-in Audio Analog Stereo
[08:37:11] [Render thread/INFO] (Minecraft) Sound engine started
[08:37:11] [Render thread/INFO] (Minecraft) Created: 512x256x0 minecraft:textures/atlas/particles.png-atlas
[08:37:11] [Render thread/INFO] (Minecraft) Created: 128x128x0 minecraft:textures/atlas/decorated_pot.png-atlas
[08:37:11] [Render thread/INFO] (Minecraft) Created: 2048x1024x0 minecraft:textures/atlas/armor_trims.png-atlas
[08:37:11] [Render thread/INFO] (Minecraft) Created: 512x256x0 minecraft:textures/atlas/paintings.png-atlas
[08:37:11] [Render thread/INFO] (Minecraft) Created: 1024x512x0 minecraft:textures/atlas/shield_patterns.png-atlas
[08:37:11] [Render thread/INFO] (Minecraft) Created: 2048x2048x4 minecraft:textures/atlas/blocks.png-atlas
[08:37:12] [Render thread/INFO] (Minecraft) Created: 512x512x0 minecraft:textures/atlas/chest.png-atlas
[08:37:12] [Render thread/INFO] (Minecraft) Created: 256x128x0 minecraft:textures/atlas/celestials.png-atlas
[08:37:12] [Render thread/INFO] (Minecraft) Created: 1024x512x0 minecraft:textures/atlas/banner_patterns.png-atlas
[08:37:12] [Render thread/INFO] (Minecraft) Created: 512x512x0 minecraft:textures/atlas/beds.png-atlas
[08:37:12] [Render thread/INFO] (Minecraft) Created: 1024x512x0 minecraft:textures/atlas/items.png-atlas
[08:37:12] [Render thread/INFO] (Minecraft) Created: 1024x1024x0 minecraft:textures/atlas/gui.png-atlas
[08:37:12] [Render thread/INFO] (Minecraft) Created: 128x64x0 minecraft:textures/atlas/map_decorations.png-atlas
[08:37:12] [Render thread/INFO] (Minecraft) Created: 512x256x0 minecraft:textures/atlas/signs.png-atlas
[08:37:12] [Render thread/INFO] (Minecraft) Created: 512x512x0 minecraft:textures/atlas/shulker_boxes.png-atlas
[08:37:19] [Render thread/ERROR] (Minecraft) ########## GL ERROR ##########
[08:37:19] [Render thread/ERROR] (Minecraft) @ Render
[08:37:19] [Render thread/ERROR] (Minecraft) 65547: X11: Standard cursor shape unavailable
[08:37:23] [IO-Worker-1/INFO] (Minecraft) Could not authorize you against Realms server: java.lang.RuntimeException: Failed to parse into SignedJWT: FabricMC
[08:37:23] [IO-Worker-1/ERROR] (Minecraft) Couldn't connect to realms
net.minecraft.client.realms.exception.RealmsServiceException: Realms authentication error with message 'java.lang.RuntimeException: Failed to parse into SignedJWT: FabricMC'
	at knot//net.minecraft.client.realms.RealmsClient.execute(RealmsClient.java:526)
	at knot//net.minecraft.client.realms.RealmsClient.clientCompatible(RealmsClient.java:307)
	at knot//net.minecraft.client.realms.RealmsAvailability.method_52627(RealmsAvailability.java:48)
	at java.base/java.util.concurrent.CompletableFuture$AsyncSupply.run(CompletableFuture.java:1768)
	at java.base/java.util.concurrent.ThreadPoolExecutor.runWorker(ThreadPoolExecutor.java:1144)
	at java.base/java.util.concurrent.ThreadPoolExecutor$Worker.run(ThreadPoolExecutor.java:642)
	at java.base/java.lang.Thread.run(Thread.java:1583)
[08:37:28] [Render thread/INFO] (YetAnotherConfigLib) Generating YACL screen
[08:37:50] [Render thread/INFO] (YetAnotherConfigLib) Serializing class dev.isxander.yacl3.platform.YACLConfig to '/home/notnawfas/Documents/workings/BetterPvPUtils-McMod/run/config/yacl.json5'
[08:38:28] [Render thread/INFO] (Minecraft) Loaded 1470 recipes
[08:38:28] [Render thread/INFO] (Minecraft) Loaded 1584 advancements
[08:39:03] [Render thread/INFO] (Minecraft) Resizing Dynamic Transforms UBO, capacity limit of 2 reached during a single frame. New capacity will be 4.
[08:39:03] [Render thread/INFO] (BiomeModificationImpl) Applied 0 biome modifications to 0 of 65 new biomes in 2.656 ms
[08:39:03] [Server thread/INFO] (Minecraft) Starting integrated minecraft server version 1.21.11
[08:39:03] [Server thread/INFO] (Minecraft) Generating keypair
[08:39:04] [Server thread/INFO] (Minecraft) Selecting global world spawn...
[08:39:23] [Server thread/INFO] (Minecraft) Loading 0 persistent chunks...
[08:39:23] [Server thread/INFO] (Minecraft) Preparing spawn area: 16%
[08:39:25] [Server thread/INFO] (Minecraft) Loading 47 chunks for player spawn...
[08:39:25] [Server thread/INFO] (Minecraft) Preparing spawn area: 16%
[08:39:25] [Server thread/INFO] (Minecraft) Preparing spawn area: 16%
[08:39:25] [Server thread/INFO] (Minecraft) Preparing spawn area: 16%
[08:39:25] [Server thread/INFO] (Minecraft) Preparing spawn area: 16%
[08:39:25] [Server thread/INFO] (Minecraft) Preparing spawn area: 16%
[08:39:25] [Server thread/INFO] (Minecraft) Preparing spawn area: 16%
[08:39:25] [Server thread/INFO] (Minecraft) Preparing spawn area: 16%
[08:39:25] [Server thread/INFO] (Minecraft) Preparing spawn area: 16%
[08:39:25] [Server thread/INFO] (Minecraft) Preparing spawn area: 16%
[08:39:26] [Server thread/INFO] (Minecraft) Preparing spawn area: 16%
[08:39:26] [Server thread/INFO] (Minecraft) Preparing spawn area: 16%
[08:39:26] [Server thread/INFO] (Minecraft) Preparing spawn area: 16%
[08:39:26] [Server thread/INFO] (Minecraft) Preparing spawn area: 16%
[08:39:26] [Server thread/INFO] (Minecraft) Preparing spawn area: 16%
[08:39:26] [Server thread/INFO] (Minecraft) Preparing spawn area: 16%
[08:39:26] [Server thread/INFO] (Minecraft) Preparing spawn area: 16%
[08:39:26] [Server thread/INFO] (Minecraft) Preparing spawn area: 16%
[08:39:26] [Server thread/INFO] (Minecraft) Preparing spawn area: 16%
[08:39:26] [Server thread/INFO] (Minecraft) Preparing spawn area: 16%
[08:39:26] [Server thread/INFO] (Minecraft) Preparing spawn area: 16%
[08:39:26] [Server thread/INFO] (Minecraft) Preparing spawn area: 16%
[08:39:26] [Server thread/INFO] (Minecraft) Preparing spawn area: 16%
[08:39:26] [Server thread/INFO] (Minecraft) Preparing spawn area: 16%
[08:39:26] [Server thread/INFO] (Minecraft) Preparing spawn area: 16%
[08:39:26] [Server thread/INFO] (Minecraft) Preparing spawn area: 16%
[08:39:26] [Server thread/INFO] (Minecraft) Preparing spawn area: 16%
[08:39:26] [Server thread/INFO] (Minecraft) Preparing spawn area: 16%
[08:39:26] [Server thread/INFO] (Minecraft) Preparing spawn area: 16%
[08:39:26] [Server thread/INFO] (Minecraft) Preparing spawn area: 16%
[08:39:27] [Server thread/INFO] (Minecraft) Preparing spawn area: 16%
[08:39:27] [Server thread/INFO] (Minecraft) Preparing spawn area: 16%
[08:39:27] [Server thread/INFO] (Minecraft) Preparing spawn area: 16%
[08:39:27] [Server thread/INFO] (Minecraft) Preparing spawn area: 16%
[08:39:27] [Server thread/INFO] (Minecraft) Preparing spawn area: 16%
[08:39:27] [Server thread/INFO] (Minecraft) Preparing spawn area: 16%
[08:39:27] [Server thread/INFO] (Minecraft) Preparing spawn area: 16%
[08:39:27] [Server thread/INFO] (Minecraft) Preparing spawn area: 16%
[08:39:27] [Server thread/INFO] (Minecraft) Preparing spawn area: 16%
[08:39:27] [Server thread/INFO] (Minecraft) Preparing spawn area: 16%
[08:39:27] [Server thread/INFO] (Minecraft) Preparing spawn area: 16%
[08:39:27] [Server thread/INFO] (Minecraft) Preparing spawn area: 16%
[08:39:27] [Server thread/INFO] (Minecraft) Preparing spawn area: 16%
[08:39:27] [Server thread/INFO] (Minecraft) Preparing spawn area: 16%
[08:39:27] [Server thread/INFO] (Minecraft) Preparing spawn area: 16%
[08:39:27] [Server thread/INFO] (Minecraft) Preparing spawn area: 16%
[08:39:27] [Server thread/INFO] (Minecraft) Preparing spawn area: 16%
[08:39:28] [Server thread/INFO] (Minecraft) Preparing spawn area: 16%
[08:39:28] [Server thread/INFO] (Minecraft) Preparing spawn area: 16%
[08:39:29] [Server thread/INFO] (Minecraft) Preparing spawn area: 29%
[08:39:29] [Server thread/INFO] (Minecraft) Preparing spawn area: 29%
[08:39:30] [Server thread/INFO] (Minecraft) Preparing spawn area: 29%
[08:39:30] [Server thread/INFO] (Minecraft) Preparing spawn area: 29%
[08:39:31] [Server thread/INFO] (Minecraft) Preparing spawn area: 29%
[08:39:31] [Server thread/INFO] (Minecraft) Preparing spawn area: 29%
[08:39:32] [Server thread/INFO] (Minecraft) Preparing spawn area: 29%
[08:39:32] [Server thread/INFO] (Minecraft) Preparing spawn area: 29%
[08:39:33] [Server thread/INFO] (Minecraft) Preparing spawn area: 29%
[08:39:33] [Server thread/INFO] (Minecraft) Preparing spawn area: 57%
[08:39:34] [Server thread/INFO] (Minecraft) Preparing spawn area: 57%
[08:39:34] [Server thread/INFO] (Minecraft) Preparing spawn area: 57%
[08:39:35] [Server thread/INFO] (Minecraft) Preparing spawn area: 57%
[08:39:35] [Server thread/INFO] (Minecraft) Preparing spawn area: 57%
[08:39:36] [Server thread/INFO] (Minecraft) Preparing spawn area: 57%
[08:39:36] [Server thread/INFO] (Minecraft) Preparing spawn area: 57%
[08:39:37] [Server thread/INFO] (Minecraft) Preparing spawn area: 62%
[08:39:37] [Server thread/INFO] (Minecraft) Time elapsed: 32675 ms
[08:39:38] [Server thread/INFO] (Minecraft) Player675[local:E:bd32de9f] logged in with entity id 71 at (-501.5, 63.0, -327.5)
[08:39:38] [Server thread/INFO] (Minecraft) Player675 joined the game
[08:39:39] [Render thread/INFO] (Minecraft) Loaded 2 advancements
[08:39:39] [Server thread/INFO] (Minecraft) Changing view distance to 16, from 10
[08:39:39] [Server thread/INFO] (Minecraft) Changing simulation distance to 12, from 0
[08:39:39] [Render thread/INFO] (Minecraft) Resizing Dynamic Transforms UBO, capacity limit of 4 reached during a single frame. New capacity will be 8.
[08:39:40] [Render thread/INFO] (Minecraft) Resizing Dynamic Transforms UBO, capacity limit of 8 reached during a single frame. New capacity will be 16.
[08:39:41] [Render thread/INFO] (Minecraft) Resizing Chunk Sections UBO, capacity limit of 2 reached during a single frame. New capacity will be 4.
[08:39:41] [Render thread/INFO] (Minecraft) Resizing Chunk Sections UBO, capacity limit of 4 reached during a single frame. New capacity will be 8.
[08:39:42] [Render thread/INFO] (Minecraft) Resizing Chunk Sections UBO, capacity limit of 8 reached during a single frame. New capacity will be 16.
[08:39:44] [Render thread/INFO] (Minecraft) Resizing Chunk Sections UBO, capacity limit of 16 reached during a single frame. New capacity will be 32.
[08:39:51] [Server thread/WARN] (Minecraft) Can't keep up! Is the server overloaded? Running 13275ms or 265 ticks behind
[08:39:55] [Render thread/INFO] (Minecraft) Resizing Chunk Sections UBO, capacity limit of 32 reached during a single frame. New capacity will be 64.
[08:39:59] [Server thread/INFO] (Minecraft) Saving and pausing game...
[08:39:59] [Server thread/INFO] (Minecraft) Saving chunks for level 'ServerLevel[test]'/minecraft:overworld
[08:40:00] [Server thread/INFO] (Minecraft) Saving chunks for level 'ServerLevel[test]'/minecraft:the_end
[08:40:00] [Server thread/INFO] (Minecraft) Saving chunks for level 'ServerLevel[test]'/minecraft:the_nether
[08:40:01] [Server thread/INFO] (Minecraft) Saving and pausing game...
[08:40:01] [Server thread/INFO] (Minecraft) Saving chunks for level 'ServerLevel[test]'/minecraft:overworld
[08:40:02] [Server thread/INFO] (Minecraft) Saving chunks for level 'ServerLevel[test]'/minecraft:the_end
[08:40:02] [Server thread/INFO] (Minecraft) Saving chunks for level 'ServerLevel[test]'/minecraft:the_nether
[08:40:05] [Render thread/INFO] (Minecraft) Resizing Chunk Sections UBO, capacity limit of 64 reached during a single frame. New capacity will be 128.
[08:40:08] [Server thread/WARN] (Minecraft) Can't keep up! Is the server overloaded? Running 2087ms or 41 ticks behind
[08:40:08] [Server thread/INFO] (Minecraft) Saving and pausing game...
[08:40:08] [Server thread/INFO] (Minecraft) Saving chunks for level 'ServerLevel[test]'/minecraft:overworld
[08:40:08] [Server thread/INFO] (Minecraft) Saving chunks for level 'ServerLevel[test]'/minecraft:the_end
[08:40:08] [Server thread/INFO] (Minecraft) Saving chunks for level 'ServerLevel[test]'/minecraft:the_nether
[08:41:07] [Worker-Main-3/ERROR] (Minecraft) Failed to fetch mob spawner entity at (-491, -33, -112)
[08:41:55] [Server thread/WARN] (Minecraft) Can't keep up! Is the server overloaded? Running 2024ms or 40 ticks behind
[08:41:56] [Server thread/INFO] (Minecraft) Saving and pausing game...
[08:41:57] [Server thread/INFO] (Minecraft) Saving chunks for level 'ServerLevel[test]'/minecraft:overworld
[08:41:57] [Server thread/INFO] (Minecraft) Saving chunks for level 'ServerLevel[test]'/minecraft:the_end
[08:41:57] [Server thread/INFO] (Minecraft) Saving chunks for level 'ServerLevel[test]'/minecraft:the_nether
[08:41:59] [Render thread/INFO] (Minecraft) Resizing Chunk Sections UBO, capacity limit of 128 reached during a single frame. New capacity will be 256.
[08:42:07] [Server thread/INFO] (Minecraft) Saving and pausing game...
[08:42:07] [Server thread/INFO] (Minecraft) Saving chunks for level 'ServerLevel[test]'/minecraft:overworld
[08:42:08] [Server thread/INFO] (Minecraft) Saving chunks for level 'ServerLevel[test]'/minecraft:the_end
[08:42:08] [Server thread/INFO] (Minecraft) Saving chunks for level 'ServerLevel[test]'/minecraft:the_nether
[08:42:16] [Server thread/INFO] (Minecraft) Changing view distance to 2, from 16
[08:42:16] [Server thread/INFO] (Minecraft) Changing simulation distance to 5, from 12
[08:42:22] [Server thread/INFO] (Minecraft) Saving and pausing game...
[08:42:23] [Server thread/INFO] (Minecraft) Saving chunks for level 'ServerLevel[test]'/minecraft:overworld
[08:42:23] [Server thread/INFO] (Minecraft) Saving chunks for level 'ServerLevel[test]'/minecraft:the_end
[08:42:23] [Server thread/INFO] (Minecraft) Saving chunks for level 'ServerLevel[test]'/minecraft:the_nether
[08:42:24] [Server thread/INFO] (Minecraft) Saving and pausing game...
[08:42:24] [Server thread/INFO] (Minecraft) Saving chunks for level 'ServerLevel[test]'/minecraft:overworld
[08:42:24] [Server thread/INFO] (Minecraft) Saving chunks for level 'ServerLevel[test]'/minecraft:the_end
[08:42:24] [Server thread/INFO] (Minecraft) Saving chunks for level 'ServerLevel[test]'/minecraft:the_nether
[08:42:31] [Server thread/INFO] (Minecraft) Saving and pausing game...
[08:42:31] [Server thread/INFO] (Minecraft) Saving chunks for level 'ServerLevel[test]'/minecraft:overworld
[08:42:31] [Server thread/INFO] (Minecraft) Saving chunks for level 'ServerLevel[test]'/minecraft:the_end
[08:42:31] [Server thread/INFO] (Minecraft) Saving chunks for level 'ServerLevel[test]'/minecraft:the_nether
[08:42:34] [Render thread/INFO] (YetAnotherConfigLib) Generating YACL screen
[08:43:12] [Server thread/INFO] (Minecraft) [Not Secure] <Player675> how many times am i pressin w thats it
[08:43:12] [Render thread/INFO] (Minecraft) [CHAT] <Player675> how many times am i pressin w thats it
[08:43:20] [Server thread/INFO] (Minecraft) [Not Secure] <Player675> but holding glitches
[08:43:20] [Render thread/INFO] (Minecraft) [CHAT] <Player675> but holding glitches
[08:43:27] [Server thread/INFO] (Minecraft) [Not Secure] <Player675> not plugin issue
[08:43:27] [Render thread/INFO] (Minecraft) [CHAT] <Player675> not plugin issue
[08:43:38] [Server thread/INFO] (Minecraft) Saving and pausing game...
[08:43:38] [Server thread/INFO] (Minecraft) Saving chunks for level 'ServerLevel[test]'/minecraft:overworld
[08:43:38] [Server thread/INFO] (Minecraft) Saving chunks for level 'ServerLevel[test]'/minecraft:the_end
[08:43:38] [Server thread/INFO] (Minecraft) Saving chunks for level 'ServerLevel[test]'/minecraft:the_nether
[08:43:40] [Render thread/INFO] (YetAnotherConfigLib) Generating YACL screen
[08:43:57] [Server thread/INFO] (Minecraft) Saving and pausing game...
[08:43:57] [Server thread/INFO] (Minecraft) Saving chunks for level 'ServerLevel[test]'/minecraft:overworld
[08:43:57] [Server thread/INFO] (Minecraft) Saving chunks for level 'ServerLevel[test]'/minecraft:the_end
[08:43:57] [Server thread/INFO] (Minecraft) Saving chunks for level 'ServerLevel[test]'/minecraft:the_nether
[08:43:59] [Render thread/INFO] (YetAnotherConfigLib) Generating YACL screen
[08:44:11] [Server thread/INFO] (Minecraft) Saving and pausing game...
[08:44:11] [Server thread/INFO] (Minecraft) Saving chunks for level 'ServerLevel[test]'/minecraft:overworld
[08:44:11] [Server thread/INFO] (Minecraft) Saving chunks for level 'ServerLevel[test]'/minecraft:the_end
[08:44:11] [Server thread/INFO] (Minecraft) Saving chunks for level 'ServerLevel[test]'/minecraft:the_nether
[08:44:13] [Render thread/INFO] (YetAnotherConfigLib) Generating YACL screen
[08:44:19] [Server thread/INFO] (Minecraft) Saving and pausing game...
[08:44:19] [Server thread/INFO] (Minecraft) Saving chunks for level 'ServerLevel[test]'/minecraft:overworld
[08:44:19] [Server thread/INFO] (Minecraft) Saving chunks for level 'ServerLevel[test]'/minecraft:the_end
[08:44:19] [Server thread/INFO] (Minecraft) Saving chunks for level 'ServerLevel[test]'/minecraft:the_nether
[08:44:21] [Render thread/INFO] (YetAnotherConfigLib) Generating YACL screen
[08:44:37] [Server thread/INFO] (Minecraft) [Not Secure] <Player675> tvery customizable
[08:44:37] [Render thread/INFO] (Minecraft) [CHAT] <Player675> tvery customizable
[08:44:50] [Server thread/INFO] (Minecraft) Saving and pausing game...
[08:44:50] [Server thread/INFO] (Minecraft) Saving chunks for level 'ServerLevel[test]'/minecraft:overworld
[08:44:50] [Server thread/INFO] (Minecraft) Saving chunks for level 'ServerLevel[test]'/minecraft:the_end
[08:44:50] [Server thread/INFO] (Minecraft) Saving chunks for level 'ServerLevel[test]'/minecraft:the_nether
[08:44:53] [Render thread/INFO] (YetAnotherConfigLib) Generating YACL screen
[08:44:57] [Server thread/INFO] (Minecraft) Saving and pausing game...
[08:44:57] [Server thread/INFO] (Minecraft) Saving chunks for level 'ServerLevel[test]'/minecraft:overworld
[08:44:57] [Server thread/INFO] (Minecraft) Saving chunks for level 'ServerLevel[test]'/minecraft:the_end
[08:44:57] [Server thread/INFO] (Minecraft) Saving chunks for level 'ServerLevel[test]'/minecraft:the_nether
[08:45:00] [Render thread/INFO] (YetAnotherConfigLib) Generating YACL screen
[08:45:06] [Server thread/INFO] (Minecraft) Saving and pausing game...
[08:45:06] [Server thread/INFO] (Minecraft) Saving chunks for level 'ServerLevel[test]'/minecraft:overworld
[08:45:06] [Server thread/INFO] (Minecraft) Saving chunks for level 'ServerLevel[test]'/minecraft:the_end
[08:45:06] [Server thread/INFO] (Minecraft) Saving chunks for level 'ServerLevel[test]'/minecraft:the_nether
[08:45:09] [Server thread/INFO] (Minecraft) Saving and pausing game...
[08:45:09] [Server thread/INFO] (Minecraft) Saving chunks for level 'ServerLevel[test]'/minecraft:overworld
[08:45:09] [Server thread/INFO] (Minecraft) Saving chunks for level 'ServerLevel[test]'/minecraft:the_end
[08:45:09] [Server thread/INFO] (Minecraft) Saving chunks for level 'ServerLevel[test]'/minecraft:the_nether
[08:45:10] [Render thread/INFO] (YetAnotherConfigLib) Generating YACL screen
[08:45:25] [Server thread/INFO] (Minecraft) Saving and pausing game...
[08:45:25] [Server thread/INFO] (Minecraft) Saving chunks for level 'ServerLevel[test]'/minecraft:overworld
[08:45:25] [Server thread/INFO] (Minecraft) Saving chunks for level 'ServerLevel[test]'/minecraft:the_end
[08:45:25] [Server thread/INFO] (Minecraft) Saving chunks for level 'ServerLevel[test]'/minecraft:the_nether
[08:45:26] [Server thread/INFO] (Minecraft) Saving and pausing game...
[08:45:26] [Server thread/INFO] (Minecraft) Saving chunks for level 'ServerLevel[test]'/minecraft:overworld
[08:45:26] [Server thread/INFO] (Minecraft) Saving chunks for level 'ServerLevel[test]'/minecraft:the_end
[08:45:26] [Server thread/INFO] (Minecraft) Saving chunks for level 'ServerLevel[test]'/minecraft:the_nether
[08:45:29] [Server thread/INFO] (Minecraft) Saving and pausing game...
[08:45:29] [Server thread/INFO] (Minecraft) Saving chunks for level 'ServerLevel[test]'/minecraft:overworld
[08:45:29] [Server thread/INFO] (Minecraft) Saving chunks for level 'ServerLevel[test]'/minecraft:the_end
[08:45:29] [Server thread/INFO] (Minecraft) Saving chunks for level 'ServerLevel[test]'/minecraft:the_nether
[08:45:31] [Render thread/INFO] (YetAnotherConfigLib) Generating YACL screen
[08:45:48] [Server thread/INFO] (Minecraft) Saving and pausing game...
[08:45:48] [Server thread/INFO] (Minecraft) Saving chunks for level 'ServerLevel[test]'/minecraft:overworld
[08:45:48] [Server thread/INFO] (Minecraft) Saving chunks for level 'ServerLevel[test]'/minecraft:the_end
[08:45:48] [Server thread/INFO] (Minecraft) Saving chunks for level 'ServerLevel[test]'/minecraft:the_nether
[08:45:49] [Render thread/INFO] (YetAnotherConfigLib) Generating YACL screen
[08:46:08] [Server thread/INFO] (Minecraft) Saving and pausing game...
[08:46:08] [Server thread/INFO] (Minecraft) Saving chunks for level 'ServerLevel[test]'/minecraft:overworld
[08:46:09] [Server thread/INFO] (Minecraft) Saving chunks for level 'ServerLevel[test]'/minecraft:the_end
[08:46:09] [Server thread/INFO] (Minecraft) Saving chunks for level 'ServerLevel[test]'/minecraft:the_nether
[08:46:10] [Render thread/INFO] (YetAnotherConfigLib) Generating YACL screen
[08:46:18] [Server thread/INFO] (Minecraft) Saving and pausing game...
[08:46:18] [Server thread/INFO] (Minecraft) Saving chunks for level 'ServerLevel[test]'/minecraft:overworld
[08:46:18] [Server thread/INFO] (Minecraft) Saving chunks for level 'ServerLevel[test]'/minecraft:the_end
[08:46:18] [Server thread/INFO] (Minecraft) Saving chunks for level 'ServerLevel[test]'/minecraft:the_nether
[08:47:21] [Server thread/INFO] (Minecraft) Saving and pausing game...
[08:47:21] [Server thread/INFO] (Minecraft) Saving chunks for level 'ServerLevel[test]'/minecraft:overworld
[08:47:21] [Server thread/INFO] (Minecraft) Saving chunks for level 'ServerLevel[test]'/minecraft:the_end
[08:47:21] [Server thread/INFO] (Minecraft) Saving chunks for level 'ServerLevel[test]'/minecraft:the_nether
[08:47:23] [Render thread/INFO] (YetAnotherConfigLib) Generating YACL screen
[08:47:32] [Server thread/INFO] (Minecraft) Saving and pausing game...
[08:47:32] [Server thread/INFO] (Minecraft) Saving chunks for level 'ServerLevel[test]'/minecraft:overworld
[08:47:33] [Server thread/INFO] (Minecraft) Saving chunks for level 'ServerLevel[test]'/minecraft:the_end
[08:47:33] [Server thread/INFO] (Minecraft) Saving chunks for level 'ServerLevel[test]'/minecraft:the_nether
[08:47:34] [Render thread/INFO] (YetAnotherConfigLib) Generating YACL screen
[08:47:50] [Server thread/INFO] (Minecraft) [Not Secure] <Player675> umm
[08:47:50] [Render thread/INFO] (Minecraft) [CHAT] <Player675> umm
[08:47:51] [Server thread/INFO] (Minecraft) [Not Secure] <Player675> tidk
[08:47:52] [Render thread/INFO] (Minecraft) [CHAT] <Player675> tidk
[08:47:55] [Server thread/INFO] (Minecraft) [Not Secure] <Player675> why
[08:47:55] [Render thread/INFO] (Minecraft) [CHAT] <Player675> why
[08:47:57] [Server thread/INFO] (Minecraft) [Not Secure] <Player675> idk why
[08:47:57] [Render thread/INFO] (Minecraft) [CHAT] <Player675> idk why
[08:47:59] [Server thread/INFO] (Minecraft) [Not Secure] <Player675> tanyways
[08:47:59] [Render thread/INFO] (Minecraft) [CHAT] <Player675> tanyways
[08:48:00] [Server thread/INFO] (Minecraft) Saving and pausing game...
[08:48:00] [Server thread/INFO] (Minecraft) Saving chunks for level 'ServerLevel[test]'/minecraft:overworld
[08:48:00] [Server thread/INFO] (Minecraft) Saving chunks for level 'ServerLevel[test]'/minecraft:the_end
[08:48:00] [Server thread/INFO] (Minecraft) Saving chunks for level 'ServerLevel[test]'/minecraft:the_nether
[08:48:01] [Server thread/INFO] (Minecraft) Player675 lost connection: Disconnected
[08:48:01] [Server thread/INFO] (Minecraft) Player675 left the game
[08:48:01] [Server thread/INFO] (Minecraft) Stopping singleplayer server as player logged out
[08:48:01] [Server thread/INFO] (Minecraft) Stopping server
[08:48:01] [Server thread/INFO] (Minecraft) Saving players
[08:48:01] [Server thread/INFO] (Minecraft) Saving worlds
[08:48:01] [Server thread/INFO] (Minecraft) Saving chunks for level 'ServerLevel[test]'/minecraft:overworld
[08:48:02] [Server thread/INFO] (Minecraft) Saving chunks for level 'ServerLevel[test]'/minecraft:the_end
[08:48:02] [Server thread/INFO] (Minecraft) Saving chunks for level 'ServerLevel[test]'/minecraft:the_nether
[08:48:02] [Server thread/INFO] (Minecraft) ThreadedAnvilChunkStorage (test): All chunks are saved
[08:48:02] [Server thread/INFO] (Minecraft) ThreadedAnvilChunkStorage (DIM1): All chunks are saved
[08:48:02] [Server thread/INFO] (Minecraft) ThreadedAnvilChunkStorage (DIM-1): All chunks are saved
[08:48:02] [Server thread/INFO] (Minecraft) ThreadedAnvilChunkStorage: All dimensions are saved
[08:58:55] [Render thread/INFO] (Minecraft) Stopping!
